// Jest Snapshot v1, https://goo.gl/fbAQLP

exports[`Date Formatter Should render Footer component 1`] = `"NaN-NaN-NaN"`;
