// Jest Snapshot v1, https://goo.gl/fbAQLP

exports[`should render DatePickers 1`] = `
<form
  noValidate={true}
>
  <WithStyles(ForwardRef(TextField))
    InputLabelProps={
      Object {
        "shrink": true,
      }
    }
    id="date"
    type="date"
  />
</form>
`;
