// Jest Snapshot v1, https://goo.gl/fbAQLP

exports[`should render GiftsSendContainer component 1`] = `
<WithStyles(ForwardRef(CircularProgress))
  style={
    Object {
      "marginLeft": "50%",
      "marginTop": "10%",
    }
  }
/>
`;

exports[`should render GiftsSendContainer component 2`] = `
<Redirect
  push={false}
  to="/"
/>
`;

exports[`should render GiftsSendContainer component 3`] = `
<h2
  style={
    Object {
      "background": "#b3d9f7",
      "color": "white",
      "fontSize": "20px",
      "fontWeight": "500",
      "height": "40px",
      "paddingTop": "5px",
      "textAlign": "center",
      "verticalAlign": "middle",
    }
  }
>
  NO DATA
</h2>
`;

exports[`should render GiftsSendContainer component 4`] = `
<Redirect
  push={false}
  to="/"
/>
`;

exports[`should render GiftsSendContainer component 5`] = `
<div>
  <WithStyles(GiftsSend)
    data={
      Array [
        Object {
          "id": 1,
        },
      ]
    }
  />
</div>
`;
